// Jest Snapshot v1, https://goo.gl/fbAQLP

exports[`should pass fixtures transforms ./fixtures/with-default-parameters.tsx 1`] = `
"\\"use strict\\";

Object.defineProperty(exports, \\"__esModule\\", {
  value: true
});
exports.Component = Component;

function Component(_ref) {
  var bar = _ref.bar,
      _ref$foo = _ref.foo,
      foo = _ref$foo === void 0 ? 'hello' : _ref$foo;
  return bar + foo;
}

Component.__defaultProps = {
  foo: 'hello'
};"
`;
